../Core/Src/main.c:83:5:main	8	static
../Core/Src/main.c:134:6:SystemClock_Config	64	static
../Core/Src/main.c:174:13:MX_ADC1_Init	48	static
../Core/Src/main.c:356:13:MX_CRC_Init	8	static
../Core/Src/main.c:390:13:MX_I2C1_Init	8	static
../Core/Src/main.c:438:13:MX_IWDG_Init	8	static
../Core/Src/main.c:467:13:MX_SPI1_Init	8	static
../Core/Src/main.c:506:13:MX_TIM3_Init	40	static
../Core/Src/main.c:549:13:MX_DMA_Init	16	static
../Core/Src/main.c:567:13:MX_GPIO_Init	16	static
../Core/Src/main.c:590:6:Error_Handler	8	static,ignoring_inline_asm
